// Jest Snapshot v1, https://goo.gl/fbAQLP

exports[`RiskScoreConfigurationSection renders correctly 1`] = `
<Fragment>
  <EuiFlexGroup
    alignItems="center"
  >
    <div
      css={
        Object {
          "map": undefined,
          "name": "15ux7s5",
          "next": undefined,
          "styles": "
    height: 24px;
    width: 32px;
  ",
          "toString": [Function],
        }
      }
    >
      <EuiSwitch
        checked={false}
        data-test-subj="includeClosedAlertsSwitch"
        label="Include closed alerts for risk scoring"
        onChange={[Function]}
      />
    </div>
    <Styled(div) />
    <div
      css={
        Object {
          "map": undefined,
          "name": "16nl2q1",
          "next": undefined,
          "styles": "
    flex-grow: 1;
    max-width: 32px;
    font-size: 24px;
    input {
      height: 24px;
      padding: 8px;
      border: 1px solid #D3DAE6;
      border-radius: 4px;
    }
    @media (max-width: 100vw) {
      max-width: 100%;
    }
  ",
          "toString": [Function],
        }
      }
    >
      <EuiSuperDatePicker
        compressed={false}
        end="now"
        onTimeChange={[Function]}
        showUpdateButton={false}
        start="now-30m"
        width="auto"
      />
    </div>
  </EuiFlexGroup>
  <EuiSpacer
    size="m"
  />
  <EuiText
    size="s"
  >
    <p>
      Enable this option to factor both open and closed alerts into the risk engine
            calculations. Including closed alerts helps provide a more comprehensive risk assessment
            based on past incidents, leading to more accurate scoring and insights.
    </p>
  </EuiText>
</Fragment>
`;
